I'm sorry, but errors were detected in your script. Please correct the
errors listed below, and try again.


File "game/events/introscript.rpy", line 2: expected 'image_name_component' not found.
    show "bg_schoolhall" with fade
         ^

Ren'Py Version: Ren'Py 7.4.2.1292
Wed Feb 24 15:50:40 2021
